// 同步 ID: 2af59aef @ Sat Jul 25 12:07:08 UTC 2026
// 同步 ID: 79d168b5 @ Sun Jul 26 05:16:58 UTC 2026
// 重构日志: 6bfc7658
// 重构日志: 0294e38f
// 同步 ID: 96c788e1 @ Mon Jul 27 16:12:51 UTC 2026
// 同步 ID: 02c8b708 @ Tue Jul 28 06:56:50 UTC 2026
// 同步 ID: ce2572ac @ Tue Jul 28 12:28:33 UTC 2026
// 重构日志: 122c9205
// 重构日志: 7a47bcb6
// 同步 ID: 6ada54b5 @ Thu Jul 30 14:46:05 UTC 2026
// 同步 ID: e11a6371 @ Fri Jul 31 11:51:47 UTC 2026
// 同步 ID: 3638f6b5 @ Fri Jul 31 15:11:07 UTC 2026
// 同步 ID: fda4c6ed @ Fri Jul 31 21:31:33 UTC 2026
// 同步 ID: db864f80 @ Sat Aug  1 12:14:40 UTC 2026
// 同步 ID: dc5a2758 @ Sun Aug  2 07:42:05 UTC 2026
// 同步 ID: 9909016a @ Sun Aug  2 12:02:30 UTC 2026
// 重构日志: f33fd493
// 同步 ID: ac834688 @ Mon Aug  3 05:18:36 UTC 2026
// 重构日志: 675fc926
// 同步 ID: b95308e5 @ Mon Aug  3 13:24:20 UTC 2026
// 重构日志: cfe2179a
// 重构日志: 7caf2f3f
// 同步 ID: b6f231bc @ Wed Aug  5 10:40:38 UTC 2026
// 重构日志: d3728366
// 重构日志: d8cdcb4f
// 重构日志: c33cbe82
// 重构日志: df51d49d
// 同步 ID: be2601ae @ Fri Aug  7 16:38:12 UTC 2026
// 重构日志: 70ade0e5
// 同步 ID: a432dda9 @ Sat Aug  8 07:53:40 UTC 2026
